
> test
> jest --config jest.config.cjs routes/admin --watchAll=false --no-cache

node.exe : PASS testing/unit/routes/admin/AdminDashboard.test.tsx (20.93 s)
At line:1 char:1
+ & "C:\Program Files\nodejs/node.exe" "C:\Program Files\nodejs/node_mo ...
+ ~~~~~~~~~~~~~~~~~~~~~~~~~~~~~~~~~~~~~~~~~~~~~~~~~~~~~~~~~~~~~~~~~~~~~
    + CategoryInfo          : NotSpecified: (PASS testing/un...t.tsx (20.93 s):String) [], RemoteException
    + FullyQualifiedErrorId : NativeCommandError
 
PASS testing/unit/routes/admin/AdminProfilePage.test.tsx (22.947 s)
FAIL testing/unit/routes/admin/PimpinanManagementPage.test.tsx (25.64 s)
  ΓùÅ Console

    console.error
      Error fetching data: Error: FAIL
          at Object.<anonymous> (D:\TA\fe-ta\testing\unit\routes\admin\PimpinanManagementPage.test.tsx:66:57)

    [0m [90m 60 |[39m       }
     [90m 61 |[39m     } [36mcatch[39m (error) {
    [31m[1m>[22m[39m[90m 62 |[39m       console[33m.[39merror([32m"Error fetching data:"[39m[33m,[39m 
error)[33m;[39m
     [90m    |[39m               [31m[1m^[22m[39m
     [90m 63 |[39m       toast[33m.[39merror([32m'Gagal memuat data'[39m)[33m;[39m
     [90m 64 |[39m     } [36mfinally[39m {
     [90m 65 |[39m       setIsLoading([36mfalse[39m)[33m;[39m[0m

      at fetchData (app/routes/admin/PimpinanManagementPage.tsx:62:15)

  ΓùÅ PimpinanManagementPage ΓÇ║ submits form for new pimpinan (new and existing)

    TestingLibraryElementError: Found multiple elements with the text: Walikota A

    Here are the matching elements:

    Ignored nodes: comments, script, style
    [36m<td[39m
      [33mclass[39m=[32m"px-4 py-2 align-middle [&:has([role=checkbox])]:pr-0 [&>[role=checkbox]]:translate-y-[2px] 
font-semibold text-gray-900 text-sm whitespace-normal min-w-[150px]"[39m
      [33mdata-slot[39m=[32m"table-cell"[39m
    [36m>[39m
      [0mWalikota A[0m
    [36m</td>[39m

    Ignored nodes: comments, script, style
    [36m<div[39m
      [33mclass[39m=[32m"font-medium text-gray-900"[39m
    [36m>[39m
      [0mWalikota A[0m
    [36m</div>[39m

    (If this is intentional, then use the `*AllBy*` variant of the query (like `queryAllByText`, `getAllByText`, or 
`findAllByText`)).

    Ignored nodes: comments, script, style
    [36m<body>[39m
      [36m<div>[39m
        [36m<div[39m
          [33mclass[39m=[32m"space-y-6"[39m
        [36m>[39m
          [36m<div[39m
            [33mclass[39m=[32m"flex items-center justify-between"[39m
          [36m>[39m
            [36m<div>[39m
              [36m<h1[39m
                [33mclass[39m=[32m"text-2xl font-bold tracking-tight text-gray-900"[39m
              [36m>[39m
                [0mPimpinan Management[0m
              [36m</h1>[39m
              [36m<p[39m
                [33mclass[39m=[32m"text-sm text-gray-500 mt-1"[39m
              [36m>[39m
                [0mKelola data Walikota dan Wakil Walikota[0m
              [36m</p>[39m
            [36m</div>[39m
            [36m<button[39m
              [33mclass[39m=[32m"inline-flex items-center justify-center gap-2 whitespace-nowrap rounded-md text-sm 
font-medium transition-all disabled:pointer-events-none disabled:opacity-50 [&_svg]:pointer-events-none 
[&_svg:not([class*='size-'])]:size-4 shrink-0 [&_svg]:shrink-0 outline-none focus-visible:border-ring 
focus-visible:ring-ring/50 focus-visible:ring-[3px] aria-invalid:ring-destructive/20 
dark:aria-invalid:ring-destructive/40 aria-invalid:border-destructive bg-primary text-primary-foreground 
hover:bg-primary/90 h-9 px-4 py-2 has-[>svg]:px-3"[39m
              [33mdata-slot[39m=[32m"button"[39m
            [36m>[39m
              [36m<span[39m
                [33mdata-testid[39m=[32m"icon-plus"[39m
              [36m/>[39m
              [0mTambah Pimpinan[0m
            [36m</button>[39m
          [36m</div>[39m
          [36m<div[39m
            [33mclass[39m=[32m"bg-card text-card-foreground flex flex-col gap-6 rounded-xl border"[39m
            [33mdata-slot[39m=[32m"card"[39m
          [36m>[39m
            [36m<div[39m
              [33mclass[39m=[32m"@container/card-header grid auto-rows-min grid-rows-[auto_auto] items-start 
gap-1.5 px-6 pt-6 has-data-[slot=card-action]:grid-cols-[1fr_auto] [.border-b]:pb-6"[39m
              [33mdata-slot[39m=[32m"card-header"[39m
            [36m>[39m
              [36m<h3[39m
                [33mclass[39m=[32m"text-lg font-semibold text-gray-900"[39m
              [36m>[39m
                [0mDaftar Pimpinan[0m
              [36m</h3>[39m
            [36m</div>[39m
            [36m<div[39m
              [33mclass[39m=[32m"[&:last-child]:pb-6 p-0"[39m
              [33mdata-slot[39m=[32m"card-content"[39m
            [36m>[39m
              [36m<div[39m
                [33mclass[39m=[32m"relative w-full overflow-x-auto"[39m
                [33mdata-slot[39m=[32m"table-container"[39m
              [36m>[39m
                [36m<table[39m
                  [33mclass[39m=[32m"w-full caption-bottom text-sm"[39m
                  [33mdata-slot[39m=[32m"table"[39m
                [36m>[39m
                  [36m<thead[39m
                    [33mclass[39m=[32m"[&_tr]:border-b"[39m
                    [33mdata-slot[39m=[32m"table-header"[39m
                  [36m>[39m
                    [36m<tr[39m
                      [33mclass[39m=[32m"data-[state=selected]:bg-muted bg-gray-50/80 border-b border-gray-200 
hover:bg-gray-50/80 transition-colors"[39m
                      [33mdata-slot[39m=[32m"table-row"[39m
                    [36m>[39m
                      [36m<th[39m
                        [33mclass[39m=[32m"h-10 px-4 align-middle whitespace-nowrap [&:has([role=checkbox])]:pr-0 
[&>[role=checkbox]]:translate-y-[2px] text-sm font-bold text-gray-900 text-center w-12 py-4"[39m
                        [33mdata-slot[39m=[32m"table-head"[39m
                      [36m>[39m
                        [0mNo.[0m
                      [36m</th>[39m
                      [36m<th[39m
                        [33mclass[39m=[32m"h-10 px-4 text-left align-middle whitespace-nowrap 
[&:has([role=checkbox])]:pr-0 [&>[role=checkbox]]:translate-y-[2px] text-sm font-bold text-gray-900 py-4"[39m
                        [33mdata-slot[39m=[32m"table-head"[39m
                      [36m>[39m
                        [0mNama Pimpinan[0m
                      [36m</th>[39m
                      [36m<th[39m
                        [33mclass[39m=[32m"h-10 px-4 text-left align-middle whitespace-nowrap 
[&:has([role=checkbox])]:pr-0 [&>[role=checkbox]]:translate-y-[2px] text-sm font-bold text-gray-900 py-4"[39m
                        [33mdata-slot[39m=[32m"table-head"[39m
                      [36m>[39m
                        [0mJabatan[0m
                      [36m</th>[39m
                      [36m<th[39m
                        [33mclass[39m=[32m"h-10 px-4 text-left align-middle whitespace-nowrap 
[&:has([role=checkbox])]:pr-0 [&>[role=checkbox]]:translate-y-[2px] text-sm font-bold text-gray-900 py-4"[39m
                        [33mdata-slot[39m=[32m"table-head"[39m
                      [36m>[39m
                        [0mPeriode[0m
                      [36m</th>[39m
                      [36m<th[39m
                        [33mclass[39m=[32m"h-10 px-4 text-left align-middle whitespace-nowrap 
[&:has([role=checkbox])]:pr-0 [&>[role=checkbox]]:translate-y-[2px] text-sm font-bold text-gray-900 py-4"[39m
                        [33mdata-slot[39m=[32m"table-head"[39m
                      [36m>[39m
                        [0mNIP[0m
                      [36m</th>[39m
                      [36m<th[39m
                        [33mclass[39m=[32m"h-10 px-4 text-left align-middle whitespace-nowrap 
[&:has([role=checkbox])]:pr-0 [&>[role=checkbox]]:translate-y-[2px] text-sm font-bold text-gray-900 py-4"[39m
                        [33mdata-slot[39m=[32m"table-head"[39m
                      [36m>[39m
                        [0mEmail & No HP[0m
                      [36m</th>[39m
                      [36m<th[39m
                        [33mclass[39m=[32m"h-10 px-4 text-left align-middle whitespace-nowrap 
[&:has([role=checkbox])]:pr-0 [&>[role=checkbox]]:translate-y-[2px] text-sm font-bold text-gray-900 py-4"[39m
                        [33mdata-slot[39m=[32m"table-head"[39m
                      [36m>[39m
                        [0mGoogle Calendar[0m
                      [36m</th>[39m
                      [36m<th[39m
                        [33mclass[39m=[32m"h-10 px-4 text-left align-middle whitespace-nowrap 
[&:has([role=checkbox])]:pr-0 [&>[role=checkbox]]:translate-y-[2px] text-sm font-bold text-gray-900 py-4"[39m
                        [33mdata-slot[39m=[32m"table-head"[39m
                      [36m>[39m
                        [0mStatus[0m
                      [36m</th>[39m
                      [36m<th[39m
                        [33mclass[39m=[32m"h-10 px-4 align-middle whitespace-nowrap [&:has([role=checkbox])]:pr-0 
[&>[role=checkbox]]:translate-y-[2px] text-sm font-bold text-gray-900 text-center py-4"[39m
                        [33mdata-slot[39m=[32m"table-head"[39m
                      [36m>[39m
                        [0mAksi[0m
                      [36m</th>[39m
                    [36m</tr>[39m
                  [36m</thead>[39m
                  [36m<tbody[39m
                    [33mclass[39m=[32m"[&_tr:last-child]:border-0"[39m
                    [33mdata-slot[39m=[32m"table...

    [0m [90m 81 |[39m     [36mconst[39m searchInput [33m=[39m screen[33m.[39mgetByPlaceholderText([35m/cari 
nama atau nip/i[39m)[33m;[39m
     [90m 82 |[39m     [36mawait[39m user[33m.[39mtype(searchInput[33m,[39m [32m'Walikota A'[39m)[33m;[39m
    [31m[1m>[22m[39m[90m 83 |[39m     [36mawait[39m 
user[33m.[39mclick(screen[33m.[39mgetByText([32m'Walikota A'[39m))[33m;[39m
     [90m    |[39m                             [31m[1m^[22m[39m
     [90m 84 |[39m     
     [90m 85 |[39m     [90m// Fill remaining[39m
     [90m 86 |[39m     fireEvent[33m.[39mchange(screen[33m.[39mgetByLabelText([35m/jabatan/i[39m)[33m,[39m { 
target[33m:[39m { value[33m:[39m [32m'1'[39m } })[33m;[39m[0m

      at Object.getElementError (node_modules/@testing-library/dom/dist/config.js:37:19)
      at getElementError (node_modules/@testing-library/dom/dist/query-helpers.js:20:35)
      at getMultipleElementsFoundError (node_modules/@testing-library/dom/dist/query-helpers.js:23:10)
      at node_modules/@testing-library/dom/dist/query-helpers.js:55:13
      at node_modules/@testing-library/dom/dist/query-helpers.js:95:19
      at Object.<anonymous> (testing/unit/routes/admin/PimpinanManagementPage.test.tsx:83:29)

  ΓùÅ PimpinanManagementPage ΓÇ║ handles pagination

    TestingLibraryElementError: Found multiple elements with the text: 2

    Here are the matching elements:

    Ignored nodes: comments, script, style
    [36m<td[39m
      [33mclass[39m=[32m"px-4 py-2 align-middle whitespace-nowrap [&:has([role=checkbox])]:pr-0 
[&>[role=checkbox]]:translate-y-[2px] text-center font-bold text-gray-400 text-xs"[39m
      [33mdata-slot[39m=[32m"table-cell"[39m
    [36m>[39m
      [0m2[0m
    [36m</td>[39m

    Ignored nodes: comments, script, style
    [36m<button[39m
      [33mclass[39m=[32m"w-8 h-8 rounded-lg text-xs font-bold transition-all text-gray-400 hover:bg-white 
hover:text-gray-600 border border-transparent hover:border-gray-200"[39m
    [36m>[39m
      [0m2[0m
    [36m</button>[39m

    (If this is intentional, then use the `*AllBy*` variant of the query (like `queryAllByText`, `getAllByText`, or 
`findAllByText`)).

    Ignored nodes: comments, script, style
    [36m<body>[39m
      [36m<div>[39m
        [36m<div[39m
          [33mclass[39m=[32m"space-y-6"[39m
        [36m>[39m
          [36m<div[39m
            [33mclass[39m=[32m"flex items-center justify-between"[39m
          [36m>[39m
            [36m<div>[39m
              [36m<h1[39m
                [33mclass[39m=[32m"text-2xl font-bold tracking-tight text-gray-900"[39m
              [36m>[39m
                [0mPimpinan Management[0m
              [36m</h1>[39m
              [36m<p[39m
                [33mclass[39m=[32m"text-sm text-gray-500 mt-1"[39m
              [36m>[39m
                [0mKelola data Walikota dan Wakil Walikota[0m
              [36m</p>[39m
            [36m</div>[39m
            [36m<button[39m
              [33mclass[39m=[32m"inline-flex items-center justify-center gap-2 whitespace-nowrap rounded-md text-sm 
font-medium transition-all disabled:pointer-events-none disabled:opacity-50 [&_svg]:pointer-events-none 
[&_svg:not([class*='size-'])]:size-4 shrink-0 [&_svg]:shrink-0 outline-none focus-visible:border-ring 
focus-visible:ring-ring/50 focus-visible:ring-[3px] aria-invalid:ring-destructive/20 
dark:aria-invalid:ring-destructive/40 aria-invalid:border-destructive bg-primary text-primary-foreground 
hover:bg-primary/90 h-9 px-4 py-2 has-[>svg]:px-3"[39m
              [33mdata-slot[39m=[32m"button"[39m
            [36m>[39m
              [36m<span[39m
                [33mdata-testid[39m=[32m"icon-plus"[39m
              [36m/>[39m
              [0mTambah Pimpinan[0m
            [36m</button>[39m
          [36m</div>[39m
          [36m<div[39m
            [33mclass[39m=[32m"bg-card text-card-foreground flex flex-col gap-6 rounded-xl border"[39m
            [33mdata-slot[39m=[32m"card"[39m
          [36m>[39m
            [36m<div[39m
              [33mclass[39m=[32m"@container/card-header grid auto-rows-min grid-rows-[auto_auto] items-start 
gap-1.5 px-6 pt-6 has-data-[slot=card-action]:grid-cols-[1fr_auto] [.border-b]:pb-6"[39m
              [33mdata-slot[39m=[32m"card-header"[39m
            [36m>[39m
              [36m<h3[39m
                [33mclass[39m=[32m"text-lg font-semibold text-gray-900"[39m
              [36m>[39m
                [0mDaftar Pimpinan[0m
              [36m</h3>[39m
            [36m</div>[39m
            [36m<div[39m
              [33mclass[39m=[32m"[&:last-child]:pb-6 p-0"[39m
              [33mdata-slot[39m=[32m"card-content"[39m
            [36m>[39m
              [36m<div[39m
                [33mclass[39m=[32m"relative w-full overflow-x-auto"[39m
                [33mdata-slot[39m=[32m"table-container"[39m
              [36m>[39m
                [36m<table[39m
                  [33mclass[39m=[32m"w-full caption-bottom text-sm"[39m
                  [33mdata-slot[39m=[32m"table"[39m
                [36m>[39m
                  [36m<thead[39m
                    [33mclass[39m=[32m"[&_tr]:border-b"[39m
                    [33mdata-slot[39m=[32m"table-header"[39m
                  [36m>[39m
                    [36m<tr[39m
                      [33mclass[39m=[32m"data-[state=selected]:bg-muted bg-gray-50/80 border-b border-gray-200 
hover:bg-gray-50/80 transition-colors"[39m
                      [33mdata-slot[39m=[32m"table-row"[39m
                    [36m>[39m
                      [36m<th[39m
                        [33mclass[39m=[32m"h-10 px-4 align-middle whitespace-nowrap [&:has([role=checkbox])]:pr-0 
[&>[role=checkbox]]:translate-y-[2px] text-sm font-bold text-gray-900 text-center w-12 py-4"[39m
                        [33mdata-slot[39m=[32m"table-head"[39m
                      [36m>[39m
                        [0mNo.[0m
                      [36m</th>[39m
                      [36m<th[39m
                        [33mclass[39m=[32m"h-10 px-4 text-left align-middle whitespace-nowrap 
[&:has([role=checkbox])]:pr-0 [&>[role=checkbox]]:translate-y-[2px] text-sm font-bold text-gray-900 py-4"[39m
                        [33mdata-slot[39m=[32m"table-head"[39m
                      [36m>[39m
                        [0mNama Pimpinan[0m
                      [36m</th>[39m
                      [36m<th[39m
                        [33mclass[39m=[32m"h-10 px-4 text-left align-middle whitespace-nowrap 
[&:has([role=checkbox])]:pr-0 [&>[role=checkbox]]:translate-y-[2px] text-sm font-bold text-gray-900 py-4"[39m
                        [33mdata-slot[39m=[32m"table-head"[39m
                      [36m>[39m
                        [0mJabatan[0m
                      [36m</th>[39m
                      [36m<th[39m
                        [33mclass[39m=[32m"h-10 px-4 text-left align-middle whitespace-nowrap 
[&:has([role=checkbox])]:pr-0 [&>[role=checkbox]]:translate-y-[2px] text-sm font-bold text-gray-900 py-4"[39m
                        [33mdata-slot[39m=[32m"table-head"[39m
                      [36m>[39m
                        [0mPeriode[0m
                      [36m</th>[39m
                      [36m<th[39m
                        [33mclass[39m=[32m"h-10 px-4 text-left align-middle whitespace-nowrap 
[&:has([role=checkbox])]:pr-0 [&>[role=checkbox]]:translate-y-[2px] text-sm font-bold text-gray-900 py-4"[39m
                        [33mdata-slot[39m=[32m"table-head"[39m
                      [36m>[39m
                        [0mNIP[0m
                      [36m</th>[39m
                      [36m<th[39m
                        [33mclass[39m=[32m"h-10 px-4 text-left align-middle whitespace-nowrap 
[&:has([role=checkbox])]:pr-0 [&>[role=checkbox]]:translate-y-[2px] text-sm font-bold text-gray-900 py-4"[39m
                        [33mdata-slot[39m=[32m"table-head"[39m
                      [36m>[39m
                        [0mEmail & No HP[0m
                      [36m</th>[39m
                      [36m<th[39m
                        [33mclass[39m=[32m"h-10 px-4 text-left align-middle whitespace-nowrap 
[&:has([role=checkbox])]:pr-0 [&>[role=checkbox]]:translate-y-[2px] text-sm font-bold text-gray-900 py-4"[39m
                        [33mdata-slot[39m=[32m"table-head"[39m
                      [36m>[39m
                        [0mGoogle Calendar[0m
                      [36m</th>[39m
                      [36m<th[39m
                        [33mclass[39m=[32m"h-10 px-4 text-left align-middle whitespace-nowrap 
[&:has([role=checkbox])]:pr-0 [&>[role=checkbox]]:translate-y-[2px] text-sm font-bold text-gray-900 py-4"[39m
                        [33mdata-slot[39m=[32m"table-head"[39m
                      [36m>[39m
                        [0mStatus[0m
                      [36m</th>[39m
                      [36m<th[39m
                        [33mclass[39m=[32m"h-10 px-4 align-middle whitespace-nowrap [&:has([role=checkbox])]:pr-0 
[&>[role=checkbox]]:translate-y-[2px] text-sm font-bold text-gray-900 text-center py-4"[39m
                        [33mdata-slot[39m=[32m"table-head"[39m
                      [36m>[39m
                        [0mAksi[0m
                      [36m</th>[39m
                    [36m</tr>[39m
                  [36m</thead>[39m
                  [36m<tbody[39m
                    [33mclass[39m=[32m"[&_tr:last-child]:border-0"[39m
                    [33mdata-slot[39m=[32m"table...

    [0m [90m 136 |[39m     fireEvent[33m.[39mclick(screen[33m.[39mgetByRole([32m'button'[39m[33m,[39m { 
name[33m:[39m [35m/prev/i[39m }))[33m;[39m
     [90m 137 |[39m     expect(screen[33m.[39mgetByText([32m'P1'[39m))[33m.[39mtoBeInTheDocument()[33m;[39m
    [31m[1m>[22m[39m[90m 138 |[39m     
fireEvent[33m.[39mclick(screen[33m.[39mgetByText([32m'2'[39m))[33m;[39m
     [90m     |[39m                            [31m[1m^[22m[39m
     [90m 139 |[39m     expect(screen[33m.[39mgetByText([32m'P11'[39m))[33m.[39mtoBeInTheDocument()[33m;[39m
     [90m 140 |[39m   })[33m;[39m
     [90m 141 |[39m[0m

      at Object.getElementError (node_modules/@testing-library/dom/dist/config.js:37:19)
      at getElementError (node_modules/@testing-library/dom/dist/query-helpers.js:20:35)
      at getMultipleElementsFoundError (node_modules/@testing-library/dom/dist/query-helpers.js:23:10)
      at node_modules/@testing-library/dom/dist/query-helpers.js:55:13
      at node_modules/@testing-library/dom/dist/query-helpers.js:95:19
      at Object.<anonymous> (testing/unit/routes/admin/PimpinanManagementPage.test.tsx:138:28)

PASS testing/unit/routes/admin/AjudanAssignmentPage.test.tsx (25.776 s)
  ΓùÅ Console

    console.error
      Error fetching data: Error: FAIL
          at Object.<anonymous> (D:\TA\fe-ta\testing\unit\routes\admin\AjudanAssignmentPage.test.tsx:183:65)

    [0m [90m 44 |[39m       }
     [90m 45 |[39m     } [36mcatch[39m (error) {
    [31m[1m>[22m[39m[90m 46 |[39m       console[33m.[39merror([32m"Error fetching data:"[39m[33m,[39m 
error)[33m;[39m
     [90m    |[39m               [31m[1m^[22m[39m
     [90m 47 |[39m       toast[33m.[39merror([32m'Gagal memuat data penugasan'[39m)[33m;[39m
     [90m 48 |[39m     } [36mfinally[39m {
     [90m 49 |[39m       setIsLoading([36mfalse[39m)[33m;[39m[0m

      at fetchData (app/routes/admin/AjudanAssignmentPage.tsx:46:15)

FAIL testing/unit/routes/admin/PeriodeManagementPage.test.tsx (25.831 s)
  ΓùÅ Console

    console.error
      Crash

    [0m [90m 39 |[39m       [36mconst[39m errorMessage [33m=[39m err[33m.[39mmessage [33m||[39m [32m'Gagal 
memuat data periode'[39m[33m;[39m
     [90m 40 |[39m       setError(errorMessage)[33m;[39m
    [31m[1m>[22m[39m[90m 41 |[39m       console[33m.[39merror(errorMessage)[33m;[39m
     [90m    |[39m               [31m[1m^[22m[39m
     [90m 42 |[39m     } [36mfinally[39m {
     [90m 43 |[39m       setIsLoading([36mfalse[39m)[33m;[39m
     [90m 44 |[39m     }[0m

      at fetchPeriode (app/routes/admin/PeriodeManagementPage.tsx:41:15)

  ΓùÅ PeriodeManagementPage ΓÇ║ submits new and edit periode with all branches

    expect(jest.fn()).toHaveBeenCalledWith(...expected)

    Expected: "Gagal", "Nope"

    Number of calls: 0

    Ignored nodes: comments, script, style
    [36m<html>[39m
      [36m<head />[39m
      [36m<body>[39m
        [36m<div>[39m
          [36m<div[39m
            [33mclass[39m=[32m"space-y-6"[39m
          [36m>[39m
            [36m<div[39m
              [33mclass[39m=[32m"flex items-center justify-between"[39m
            [36m>[39m
              [36m<div>[39m
                [36m<h1[39m
                  [33mclass[39m=[32m"text-2xl font-bold tracking-tight text-gray-900"[39m
                [36m>[39m
                  [0mPeriode Management[0m
                [36m</h1>[39m
                [36m<p[39m
                  [33mclass[39m=[32m"text-sm text-gray-500 mt-1"[39m
                [36m>[39m
                  [0mKelola data periode jabatan pimpinan[0m
                [36m</p>[39m
              [36m</div>[39m
              [36m<button[39m
                [33mclass[39m=[32m"inline-flex items-center justify-center gap-2 whitespace-nowrap rounded-md 
text-sm font-medium transition-all disabled:pointer-events-none disabled:opacity-50 [&_svg]:pointer-events-none 
[&_svg:not([class*='size-'])]:size-4 shrink-0 [&_svg]:shrink-0 outline-none focus-visible:border-ring 
focus-visible:ring-ring/50 focus-visible:ring-[3px] aria-invalid:ring-destructive/20 
dark:aria-invalid:ring-destructive/40 aria-invalid:border-destructive bg-primary text-primary-foreground 
hover:bg-primary/90 h-9 px-4 py-2 has-[>svg]:px-3"[39m
                [33mdata-slot[39m=[32m"button"[39m
              [36m>[39m
                [36m<span[39m
                  [33mdata-testid[39m=[32m"icon-plus"[39m
                [36m/>[39m
                [0mTambah Periode[0m
              [36m</button>[39m
            [36m</div>[39m
            [36m<div[39m
              [33mclass[39m=[32m"bg-card text-card-foreground flex flex-col gap-6 rounded-xl border"[39m
              [33mdata-slot[39m=[32m"card"[39m
            [36m>[39m
              [36m<div[39m
                [33mclass[39m=[32m"@container/card-header grid auto-rows-min grid-rows-[auto_auto] items-start 
gap-1.5 px-6 pt-6 has-data-[slot=card-action]:grid-cols-[1fr_auto] [.border-b]:pb-6"[39m
                [33mdata-slot[39m=[32m"card-header"[39m
              [36m>[39m
                [36m<h3[39m
                  [33mclass[39m=[32m"text-lg font-semibold text-gray-900"[39m
                [36m>[39m
                  [0mDaftar Periode[0m
                [36m</h3>[39m
              [36m</div>[39m
              [36m<div[39m
                [33mclass[39m=[32m"[&:last-child]:pb-6 p-0"[39m
                [33mdata-slot[39m=[32m"card-content"[39m
              [36m>[39m
                [36m<div[39m
                  [33mclass[39m=[32m"relative w-full overflow-x-auto"[39m
                  [33mdata-slot[39m=[32m"table-container"[39m
                [36m>[39m
                  [36m<table[39m
                    [33mclass[39m=[32m"w-full caption-bottom text-sm"[39m
                    [33mdata-slot[39m=[32m"table"[39m
                  [36m>[39m
                    [36m<thead[39m
                      [33mclass[39m=[32m"[&_tr]:border-b"[39m
                      [33mdata-slot[39m=[32m"table-header"[39m
                    [36m>[39m
                      [36m<tr[39m
                        [33mclass[39m=[32m"data-[state=selected]:bg-muted bg-gray-50/80 border-b border-gray-200 
hover:bg-gray-50/80 transition-colors"[39m
                        [33mdata-slot[39m=[32m"table-row"[39m
                      [36m>[39m
                        [36m<th[39m
                          [33mclass[39m=[32m"h-10 px-4 align-middle whitespace-nowrap [&:has([role=checkbox])]:pr-0 
[&>[role=checkbox]]:translate-y-[2px] text-sm font-bold text-gray-900 text-center w-12 py-4"[39m
                          [33mdata-slot[39m=[32m"table-head"[39m
                        [36m>[39m
                          [0mNo.[0m
                        [36m</th>[39m
                        [36m<th[39m
                          [33mclass[39m=[32m"h-10 px-4 text-left align-middle whitespace-nowrap 
[&:has([role=checkbox])]:pr-0 [&>[role=checkbox]]:translate-y-[2px] text-sm font-bold text-gray-900 py-4"[39m
                          [33mdata-slot[39m=[32m"table-head"[39m
                        [36m>[39m
                          [0mPeriode[0m
                        [36m</th>[39m
                        [36m<th[39m
                          [33mclass[39m=[32m"h-10 px-4 text-left align-middle whitespace-nowrap 
[&:has([role=checkbox])]:pr-0 [&>[role=checkbox]]:translate-y-[2px] text-sm font-bold text-gray-900 py-4"[39m
                          [33mdata-slot[39m=[32m"table-head"[39m
                        [36m>[39m
                          [0mTanggal Mulai[0m
                        [36m</th>[39m
                        [36m<th[39m
                          [33mclass[39m=[32m"h-10 px-4 text-left align-middle whitespace-nowrap 
[&:has([role=checkbox])]:pr-0 [&>[role=checkbox]]:translate-y-[2px] text-sm font-bold text-gray-900 py-4"[39m
                          [33mdata-slot[39m=[32m"table-head"[39m
                        [36m>[39m
                          [0mTanggal Selesai[0m
                        [36m</th>[39m
                        [36m<th[39m
                          [33mclass[39m=[32m"h-10 px-4 text-left align-middle whitespace-nowrap 
[&:has([role=checkbox])]:pr-0 [&>[role=checkbox]]:translate-y-[2px] text-sm font-bold text-gray-900 py-4"[39m
                          [33mdata-slot[39m=[32m"table-head"[39m
                        [36m>[39m
                          [0mKeterangan[0m
                        [36m</th>[39m
                        [36m<th[39m
                          [33mclass[39m=[32m"h-10 px-4 text-left align-middle whitespace-nowrap 
[&:has([role=checkbox])]:pr-0 [&>[role=checkbox]]:translate-y-[2px] text-sm font-bold text-gray-900 py-4"[39m
                          [33mdata-slot[39m=[32m"table-head"[39m
                        [36m>[39m
                          [0mStatus[0m
                        [36m</th>[39m
                        [36m<th[39m
                          [33mclass[39m=[32m"h-10 px-4 align-middle whitespace-nowrap [&:has([role=checkbox])]:pr-0 
[&>[role=checkbox]]:translate-y-[2px] text-sm font-bold text-gray-900 text-center py-4"[39m
                          [33mdata-slot[39m=[32m"table-head"[39m
                        [36m>[39m
                          [0mAksi[0m
                        [36m</th>[39m
                      [36m</tr>[39m
                    [36m</thead>[39m
                    [36m<tbody[39m
                      [33mclass[39m=[32m"[&_tr:last-child]:border-0"[39m
                      [33mdata-slot[39m=[32m"table-body"[39m
                    [36m>[39m
                      [36m<tr[39m
                        [33mclass[39m=[32m"data-[state=selected]:bg-muted border-b hover:bg-blue-50/40 
transition-colors even:bg-blue-50/60"[39m
                        [33mdata-slot[39m=[32m"table-row"[39m
                      [36m>[39m
                        [36m<td[39m
                          [33mclass[39m=[32m"px-4 py-2 align-middle whitespace-nowrap [&:has([role=checkbox])]:pr-0 
[&>[role=checkbox]]:translate-y-[2px] text-center font-bold text-gray-400 text-xs"[3...

    [0m [90m 94 |[39m     (periodeApi[33m.[39mcreate [36mas[39m 
jest[33m.[39m[33mMock[39m)[33m.[39mmockResolvedValue({ success[33m:[39m [36mfalse[39m[33m,[39m 
message[33m:[39m [32m'Nope'[39m })[33m;[39m
     [90m 95 |[39m     [36mawait[39m user[33m.[39mclick(screen[33m.[39mgetByRole([32m'button'[39m[33m,[39m 
{ name[33m:[39m [32m'Tambah'[39m }))[33m;[39m
    [31m[1m>[22m[39m[90m 96 |[39m     [36mawait[39m waitFor(() [33m=>[39m 
expect(toast[33m.[39merror)[33m.[39mtoHaveBeenCalledWith([32m'Gagal'[39m[33m,[39m [32m'Nope'[39m))[33m;[39m
     [90m    |[39m                                             [31m[1m^[22m[39m
     [90m 97 |[39m
     [90m 98 |[39m     [90m// Exception case[39m
     [90m 99 |[39m     (periodeApi[33m.[39mcreate [36mas[39m 
jest[33m.[39m[33mMock[39m)[33m.[39mmockRejectedValue([36mnew[39m 
[33mError[39m([32m'Fail'[39m))[33m;[39m[0m

      at testing/unit/routes/admin/PeriodeManagementPage.test.tsx:96:45
      at runWithExpensiveErrorDiagnosticsDisabled (node_modules/@testing-library/dom/dist/config.js:47:12)
      at checkCallback (node_modules/@testing-library/dom/dist/wait-for.js:124:77)
      at checkRealTimersCallback (node_modules/@testing-library/dom/dist/wait-for.js:118:16)
      at Timeout.task [as _onTimeout] (node_modules/jsdom/lib/jsdom/browser/Window.js:579:19)

  ΓùÅ PeriodeManagementPage ΓÇ║ shows error if tanggal_mulai > tanggal_selesai

    expect(jest.fn()).toHaveBeenCalledWith(...expected)

    Expected: "Gagal", "Tanggal mulai tidak boleh lebih lama dari tanggal selesai"

    Number of calls: 0

    [0m [90m 109 |[39m     fireEvent[33m.[39mchange(screen[33m.[39mgetByLabelText([35m/tanggal 
selesai/i[39m)[33m,[39m { target[33m:[39m { value[33m:[39m [32m'2025-01-01'[39m } })[33m;[39m
     [90m 110 |[39m     [36mawait[39m 
user[33m.[39mclick(screen[33m.[39mgetByRole([32m'button'[39m[33m,[39m { name[33m:[39m [32m'Tambah'[39m 
}))[33m;[39m
    [31m[1m>[22m[39m[90m 111 |[39m     
expect(toast[33m.[39merror)[33m.[39mtoHaveBeenCalledWith([32m'Gagal'[39m[33m,[39m [32m'Tanggal mulai tidak 
boleh lebih lama dari tanggal selesai'[39m)[33m;[39m
     [90m     |[39m                         [31m[1m^[22m[39m
     [90m 112 |[39m   })[33m;[39m
     [90m 113 |[39m
     [90m 114 |[39m   it([32m'handles pagination'[39m[33m,[39m [36masync[39m () [33m=>[39m {[0m

      at Object.<anonymous> (testing/unit/routes/admin/PeriodeManagementPage.test.tsx:111:25)

  ΓùÅ PeriodeManagementPage ΓÇ║ handles pagination

    TestingLibraryElementError: Found multiple elements with the text: 2

    Here are the matching elements:

    Ignored nodes: comments, script, style
    [36m<td[39m
      [33mclass[39m=[32m"px-4 py-2 align-middle whitespace-nowrap [&:has([role=checkbox])]:pr-0 
[&>[role=checkbox]]:translate-y-[2px] text-center font-bold text-gray-400 text-xs"[39m
      [33mdata-slot[39m=[32m"table-cell"[39m
    [36m>[39m
      [0m2[0m
    [36m</td>[39m

    Ignored nodes: comments, script, style
    [36m<button[39m
      [33mclass[39m=[32m"w-8 h-8 rounded-lg text-xs font-bold transition-all text-gray-400 hover:bg-white 
hover:text-gray-600 border border-transparent hover:border-gray-200"[39m
    [36m>[39m
      [0m2[0m
    [36m</button>[39m

    (If this is intentional, then use the `*AllBy*` variant of the query (like `queryAllByText`, `getAllByText`, or 
`findAllByText`)).

    Ignored nodes: comments, script, style
    [36m<body>[39m
      [36m<div>[39m
        [36m<div[39m
          [33mclass[39m=[32m"space-y-6"[39m
        [36m>[39m
          [36m<div[39m
            [33mclass[39m=[32m"flex items-center justify-between"[39m
          [36m>[39m
            [36m<div>[39m
              [36m<h1[39m
                [33mclass[39m=[32m"text-2xl font-bold tracking-tight text-gray-900"[39m
              [36m>[39m
                [0mPeriode Management[0m
              [36m</h1>[39m
              [36m<p[39m
                [33mclass[39m=[32m"text-sm text-gray-500 mt-1"[39m
              [36m>[39m
                [0mKelola data periode jabatan pimpinan[0m
              [36m</p>[39m
            [36m</div>[39m
            [36m<button[39m
              [33mclass[39m=[32m"inline-flex items-center justify-center gap-2 whitespace-nowrap rounded-md text-sm 
font-medium transition-all disabled:pointer-events-none disabled:opacity-50 [&_svg]:pointer-events-none 
[&_svg:not([class*='size-'])]:size-4 shrink-0 [&_svg]:shrink-0 outline-none focus-visible:border-ring 
focus-visible:ring-ring/50 focus-visible:ring-[3px] aria-invalid:ring-destructive/20 
dark:aria-invalid:ring-destructive/40 aria-invalid:border-destructive bg-primary text-primary-foreground 
hover:bg-primary/90 h-9 px-4 py-2 has-[>svg]:px-3"[39m
              [33mdata-slot[39m=[32m"button"[39m
            [36m>[39m
              [36m<span[39m
                [33mdata-testid[39m=[32m"icon-plus"[39m
              [36m/>[39m
              [0mTambah Periode[0m
            [36m</button>[39m
          [36m</div>[39m
          [36m<div[39m
            [33mclass[39m=[32m"bg-card text-card-foreground flex flex-col gap-6 rounded-xl border"[39m
            [33mdata-slot[39m=[32m"card"[39m
          [36m>[39m
            [36m<div[39m
              [33mclass[39m=[32m"@container/card-header grid auto-rows-min grid-rows-[auto_auto] items-start 
gap-1.5 px-6 pt-6 has-data-[slot=card-action]:grid-cols-[1fr_auto] [.border-b]:pb-6"[39m
              [33mdata-slot[39m=[32m"card-header"[39m
            [36m>[39m
              [36m<h3[39m
                [33mclass[39m=[32m"text-lg font-semibold text-gray-900"[39m
              [36m>[39m
                [0mDaftar Periode[0m
              [36m</h3>[39m
            [36m</div>[39m
            [36m<div[39m
              [33mclass[39m=[32m"[&:last-child]:pb-6 p-0"[39m
              [33mdata-slot[39m=[32m"card-content"[39m
            [36m>[39m
              [36m<div[39m
                [33mclass[39m=[32m"relative w-full overflow-x-auto"[39m
                [33mdata-slot[39m=[32m"table-container"[39m
              [36m>[39m
                [36m<table[39m
                  [33mclass[39m=[32m"w-full caption-bottom text-sm"[39m
                  [33mdata-slot[39m=[32m"table"[39m
                [36m>[39m
                  [36m<thead[39m
                    [33mclass[39m=[32m"[&_tr]:border-b"[39m
                    [33mdata-slot[39m=[32m"table-header"[39m
                  [36m>[39m
                    [36m<tr[39m
                      [33mclass[39m=[32m"data-[state=selected]:bg-muted bg-gray-50/80 border-b border-gray-200 
hover:bg-gray-50/80 transition-colors"[39m
                      [33mdata-slot[39m=[32m"table-row"[39m
                    [36m>[39m
                      [36m<th[39m
                        [33mclass[39m=[32m"h-10 px-4 align-middle whitespace-nowrap [&:has([role=checkbox])]:pr-0 
[&>[role=checkbox]]:translate-y-[2px] text-sm font-bold text-gray-900 text-center w-12 py-4"[39m
                        [33mdata-slot[39m=[32m"table-head"[39m
                      [36m>[39m
                        [0mNo.[0m
                      [36m</th>[39m
                      [36m<th[39m
                        [33mclass[39m=[32m"h-10 px-4 text-left align-middle whitespace-nowrap 
[&:has([role=checkbox])]:pr-0 [&>[role=checkbox]]:translate-y-[2px] text-sm font-bold text-gray-900 py-4"[39m
                        [33mdata-slot[39m=[32m"table-head"[39m
                      [36m>[39m
                        [0mPeriode[0m
                      [36m</th>[39m
                      [36m<th[39m
                        [33mclass[39m=[32m"h-10 px-4 text-left align-middle whitespace-nowrap 
[&:has([role=checkbox])]:pr-0 [&>[role=checkbox]]:translate-y-[2px] text-sm font-bold text-gray-900 py-4"[39m
                        [33mdata-slot[39m=[32m"table-head"[39m
                      [36m>[39m
                        [0mTanggal Mulai[0m
                      [36m</th>[39m
                      [36m<th[39m
                        [33mclass[39m=[32m"h-10 px-4 text-left align-middle whitespace-nowrap 
[&:has([role=checkbox])]:pr-0 [&>[role=checkbox]]:translate-y-[2px] text-sm font-bold text-gray-900 py-4"[39m
                        [33mdata-slot[39m=[32m"table-head"[39m
                      [36m>[39m
                        [0mTanggal Selesai[0m
                      [36m</th>[39m
                      [36m<th[39m
                        [33mclass[39m=[32m"h-10 px-4 text-left align-middle whitespace-nowrap 
[&:has([role=checkbox])]:pr-0 [&>[role=checkbox]]:translate-y-[2px] text-sm font-bold text-gray-900 py-4"[39m
                        [33mdata-slot[39m=[32m"table-head"[39m
                      [36m>[39m
                        [0mKeterangan[0m
                      [36m</th>[39m
                      [36m<th[39m
                        [33mclass[39m=[32m"h-10 px-4 text-left align-middle whitespace-nowrap 
[&:has([role=checkbox])]:pr-0 [&>[role=checkbox]]:translate-y-[2px] text-sm font-bold text-gray-900 py-4"[39m
                        [33mdata-slot[39m=[32m"table-head"[39m
                      [36m>[39m
                        [0mStatus[0m
                      [36m</th>[39m
                      [36m<th[39m
                        [33mclass[39m=[32m"h-10 px-4 align-middle whitespace-nowrap [&:has([role=checkbox])]:pr-0 
[&>[role=checkbox]]:translate-y-[2px] text-sm font-bold text-gray-900 text-center py-4"[39m
                        [33mdata-slot[39m=[32m"table-head"[39m
                      [36m>[39m
                        [0mAksi[0m
                      [36m</th>[39m
                    [36m</tr>[39m
                  [36m</thead>[39m
                  [36m<tbody[39m
                    [33mclass[39m=[32m"[&_tr:last-child]:border-0"[39m
                    [33mdata-slot[39m=[32m"table-body"[39m
                  [36m>[39m
                    [36m<tr[39m
                      [33mclass[39m=[32m"data-[state=selected]:bg-muted border-b hover:bg-blue-50/40 
transition-colors even:bg-blue-50/60"[39m
                      [33mdata-slot[39m=[32m"table-row"[39m
                    [36m>[39m
                      [36m<td[39m
                        [33mclass[39m=[32m"px-4 py-2 align-middle whitespace-nowrap [&:has([role=checkbox])]:pr-0 
[&>[role=checkbox]]:translate-y-[2px] text-center font-bold text-gray-400 text-xs"[39m
                        [33mdata-slot[39m=[32m"table-cell"[39m
                      [36m>[39m
                        [0m1[0m
                      [36m</td>[39m
                      [36m<td[39m
                        [33mclass[39m=[32m"px-4 py-2 align-middle [&:has([role=chec...

    [0m [90m 123 |[39m     fireEvent[33m.[39mclick(screen[33m.[39mgetByRole([32m'button'[39m[33m,[39m { 
name[33m:[39m [35m/prev/i[39m }))[33m;[39m
     [90m 124 |[39m     expect(screen[33m.[39mgetByText([32m'P1'[39m))[33m.[39mtoBeInTheDocument()[33m;[39m
    [31m[1m>[22m[39m[90m 125 |[39m     
fireEvent[33m.[39mclick(screen[33m.[39mgetByText([32m'2'[39m))[33m;[39m
     [90m     |[39m                            [31m[1m^[22m[39m
     [90m 126 |[39m     expect(screen[33m.[39mgetByText([32m'P11'[39m))[33m.[39mtoBeInTheDocument()[33m;[39m
     [90m 127 |[39m   })[33m;[39m
     [90m 128 |[39m[0m

      at Object.getElementError (node_modules/@testing-library/dom/dist/config.js:37:19)
      at getElementError (node_modules/@testing-library/dom/dist/query-helpers.js:20:35)
      at getMultipleElementsFoundError (node_modules/@testing-library/dom/dist/query-helpers.js:23:10)
      at node_modules/@testing-library/dom/dist/query-helpers.js:55:13
      at node_modules/@testing-library/dom/dist/query-helpers.js:95:19
      at Object.<anonymous> (testing/unit/routes/admin/PeriodeManagementPage.test.tsx:125:28)

FAIL testing/unit/routes/admin/UserManagementPage.test.tsx (26.406 s)
  ΓùÅ Console

    console.error
      Error fetching data: Error: FAIL
          at Object.<anonymous> (D:\TA\fe-ta\testing\unit\routes\admin\UserManagementPage.test.tsx:75:53)
          at Promise.finally.completed (D:\TA\fe-ta\node_modules\jest-circus\build\jestAdapterInit.js:1557:28)
          at new Promise (<anonymous>)
          at callAsyncCircusFn (D:\TA\fe-ta\node_modules\jest-circus\build\jestAdapterInit.js:1497:10)
          at _callCircusTest (D:\TA\fe-ta\node_modules\jest-circus\build\jestAdapterInit.js:1007:40)
          at _runTest (D:\TA\fe-ta\node_modules\jest-circus\build\jestAdapterInit.js:947:3)
          at D:\TA\fe-ta\node_modules\jest-circus\build\jestAdapterInit.js:849:7
          at _runTestsForDescribeBlock (D:\TA\fe-ta\node_modules\jest-circus\build\jestAdapterInit.js:862:11)
          at _runTestsForDescribeBlock (D:\TA\fe-ta\node_modules\jest-circus\build\jestAdapterInit.js:857:11)
          at run (D:\TA\fe-ta\node_modules\jest-circus\build\jestAdapterInit.js:761:3)
          at runAndTransformResultsToJestFormat (D:\TA\fe-ta\node_modules\jest-circus\build\jestAdapterInit.js:1918:21)
          at jestAdapter (D:\TA\fe-ta\node_modules\jest-circus\build\runner.js:101:19)
          at runTestInternal (D:\TA\fe-ta\node_modules\jest-runner\build\testWorker.js:275:16)
          at runTest (D:\TA\fe-ta\node_modules\jest-runner\build\testWorker.js:343:7)
          at Object.worker (D:\TA\fe-ta\node_modules\jest-runner\build\testWorker.js:497:12)

    [0m [90m 70 |[39m       [36mif[39m (rolesRes[33m.[39msuccess) setRoles(rolesRes[33m.[39mdata)[33m;[39m
     [90m 71 |[39m     } [36mcatch[39m (error) {
    [31m[1m>[22m[39m[90m 72 |[39m       console[33m.[39merror([32m"Error fetching data:"[39m[33m,[39m 
error)[33m;[39m
     [90m    |[39m               [31m[1m^[22m[39m
     [90m 73 |[39m       toast[33m.[39merror([32m'Gagal memuat data'[39m)[33m;[39m
     [90m 74 |[39m     } [36mfinally[39m {
     [90m 75 |[39m       setIsLoading([36mfalse[39m)[33m;[39m[0m

      at fetchData (app/routes/admin/UserManagementPage.tsx:72:15)

  ΓùÅ UserManagementPage ΓÇ║ handles creation with password validation

    TestingLibraryElementError: Found a label with the text of: /nama lengkap/i, however no form control was found 
associated to that label. Make sure you're using the "for" attribute or "aria-labelledby" attribute correctly.

    Ignored nodes: comments, script, style
    [36m<body>[39m
      [36m<div>[39m
        [36m<div[39m
          [33mclass[39m=[32m"space-y-6"[39m
        [36m>[39m
          [36m<div[39m
            [33mclass[39m=[32m"flex items-center justify-between"[39m
          [36m>[39m
            [36m<div>[39m
              [36m<h1[39m
                [33mclass[39m=[32m"text-2xl font-bold tracking-tight text-gray-900"[39m
              [36m>[39m
                [0mUser Management[0m
              [36m</h1>[39m
              [36m<p[39m
                [33mclass[39m=[32m"text-sm text-gray-500 mt-1"[39m
              [36m>[39m
                [0mKelola pengguna dan role akses sistem[0m
              [36m</p>[39m
            [36m</div>[39m
            [36m<button[39m
              [33mclass[39m=[32m"inline-flex items-center justify-center gap-2 whitespace-nowrap rounded-md text-sm 
font-medium transition-all disabled:pointer-events-none disabled:opacity-50 [&_svg]:pointer-events-none 
[&_svg:not([class*='size-'])]:size-4 shrink-0 [&_svg]:shrink-0 outline-none focus-visible:border-ring 
focus-visible:ring-ring/50 focus-visible:ring-[3px] aria-invalid:ring-destructive/20 
dark:aria-invalid:ring-destructive/40 aria-invalid:border-destructive bg-primary text-primary-foreground 
hover:bg-primary/90 h-9 px-4 py-2 has-[>svg]:px-3"[39m
              [33mdata-slot[39m=[32m"button"[39m
            [36m>[39m
              [36m<span[39m
                [33mdata-testid[39m=[32m"icon-plus"[39m
              [36m/>[39m
              [0mTambah User[0m
            [36m</button>[39m
          [36m</div>[39m
          [36m<div[39m
            [33mclass[39m=[32m"bg-amber-50 border border-amber-200 rounded-lg p-4"[39m
          [36m>[39m
            [36m<p[39m
              [33mclass[39m=[32m"text-sm text-amber-900"[39m
            [36m>[39m
              [36m<strong>[39m
                [0mInformasi:[0m
              [36m</strong>[39m
              [0m Admin hanya dapat menambahkan user dengan role tertentu.[0m
            [36m</p>[39m
          [36m</div>[39m
          [36m<div[39m
            [33mclass[39m=[32m"flex items-center gap-3"[39m
          [36m>[39m
            [36m<div[39m
              [33mclass[39m=[32m"relative flex-1"[39m
            [36m>[39m
              [36m<span[39m
                [33mdata-testid[39m=[32m"icon-search"[39m
              [36m/>[39m
              [36m<input[39m
                [33mclass[39m=[32m"w-full pl-10 pr-4 py-2 border border-gray-300 rounded-lg focus:ring-2 
focus:ring-blue-500 focus:border-blue-500 outline-none text-sm"[39m
                [33mplaceholder[39m=[32m"Cari nama, email, jabatan, atau NIP..."[39m
                [33mtype[39m=[32m"text"[39m
                [33mvalue[39m=[32m""[39m
              [36m/>[39m
            [36m</div>[39m
            [36m<select[39m
              [33mclass[39m=[32m"px-4 py-2 border border-gray-300 rounded-lg focus:ring-2 focus:ring-blue-500 
focus:border-blue-500 outline-none text-sm"[39m
            [36m>[39m
              [36m<option[39m
                [33mvalue[39m=[32m"all"[39m
              [36m>[39m
                [0mSemua Role[0m
              [36m</option>[39m
              [36m<option[39m
                [33mvalue[39m=[32m"Admin"[39m
              [36m>[39m
                [0mAdmin[0m
              [36m</option>[39m
              [36m<option[39m
                [33mvalue[39m=[32m"Sespri"[39m
              [36m>[39m
                [0mSespri[0m
              [36m</option>[39m
              [36m<option[39m
                [33mvalue[39m=[32m"Ajudan"[39m
              [36m>[39m
                [0mAjudan[0m
              [36m</option>[39m
              [36m<option[39m
                [33mvalue[39m=[32m"Kasubag Protokol"[39m
              [36m>[39m
                [0mKasubag Protokol[0m
              [36m</option>[39m
              [36m<option[39m
                [33mvalue[39m=[32m"Kasubag Media"[39m
              [36m>[39m
                [0mKasubag Media[0m
              [36m</option>[39m
              [36m<option[39m
                [33mvalue[39m=[32m"Staf Protokol"[39m
              [36m>[39m
                [0mStaf Protokol[0m
              [36m</option>[39m
              [36m<option[39m
                [33mvalue[39m=[32m"Staf Media"[39m
              [36m>[39m
                [0mStaf Media[0m
              [36m</option>[39m
              [36m<option[39m
                [33mvalue[39m=[32m"Pemohon"[39m
              [36m>[39m
                [0mPemohon[0m
              [36m</option>[39m
            [36m</select>[39m
          [36m</div>[39m
          [36m<div[39m
            [33mclass[39m=[32m"bg-card text-card-foreground flex flex-col gap-6 rounded-xl border"[39m
            [33mdata-slot[39m=[32m"card"[39m
          [36m>[39m
            [36m<div[39m
              [33mclass[39m=[32m"@container/card-header grid auto-rows-min grid-rows-[auto_auto] items-start 
gap-1.5 px-6 pt-6 has-data-[slot=card-action]:grid-cols-[1fr_auto] [.border-b]:pb-6"[39m
              [33mdata-slot[39m=[32m"card-header"[39m
            [36m>[39m
              [36m<div[39m
                [33mclass[39m=[32m"flex items-center justify-between"[39m
              [36m>[39m
                [36m<h3[39m
                  [33mclass[39m=[32m"text-lg font-semibold text-gray-900"[39m
                [36m>[39m
                  [0mDaftar Pengguna[0m
                [36m</h3>[39m
                [36m<p[39m
                  [33mclass[39m=[32m"text-sm text-gray-600"[39m
                [36m>[39m
                  [0mTotal: [0m
                  [0m2[0m
                  [0m user[0m
                [36m</p>[39m
              [36m</div>[39m
            [36m</div>[39m
            [36m<div[39m
              [33mclass[39m=[32m"[&:last-child]:pb-6 p-0"[39m
              [33mdata-slot[39m=[32m"card-content"[39m
            [36m>[39m
              [36m<div[39m
                [33mclass[39m=[32m"relative w-full overflow-x-auto"[39m
                [33mdata-slot[39m=[32m"table-container"[39m
              [36m>[39m
                [36m<table[39m
                  [33mclass[39m=[32m"w-full caption-bottom text-sm"[39m
                  [33mdata-slot[39m=[32m"table"[39m
                [36m>[39m
                  [36m<thead[39m
                    [33mclass[39m=[32m"[&_tr]:border-b"[39m
                    [33mdata-slot[39m=[32m"table-header"[39m
                  [36m>[39m
                    [36m<tr[39m
                      [33mclass[39m=[32m"data-[state=selected]:bg-muted bg-gray-50/80 border-b border-gray-200 
hover:bg-gray-50/80 transition-colors"[39m
                      [33mdata-slot[39m=[32m"table-row"[39m
                    [36m>[39m
                      [36m<th[39m
                        [33mclass[39m=[32m"h-10 px-4 align-middle whitespace-nowrap [&:has([role=checkbox])]:pr-0 
[&>[role=checkbox]]:translate-y-[2px] text-sm font-bold text-gray-900 text-center w-12 py-4"[39m
                        [33mdata-slot[39m=[32m"table-head"[39m
                      [36m>[39m
                        [0mNo.[0m
                      [36m</th>[39m
                      [36m<th[39m
                        [33mclass[39m=[32m"h-10 px-4 text-left align-middle whitespace-nowrap 
[&:has([role=checkbox])]:pr-0 [&>[role=checkbox]]:translate-y-[2px...

    [0m [90m 85 |[39m     [36mawait[39m 
user[33m.[39mclick(screen[33m.[39mgetByRole([32m'button'[39m[33m,[39m { name[33m:[39m [35m/tambah 
user/i[39m }))[33m;[39m
     [90m 86 |[39m
    [31m[1m>[22m[39m[90m 87 |[39m     fireEvent[33m.[39mchange(screen[33m.[39mgetByLabelText([35m/nama 
lengkap/i[39m)[33m,[39m { target[33m:[39m { value[33m:[39m [32m'New User'[39m } })[33m;[39m
     [90m    |[39m                             [31m[1m^[22m[39m
     [90m 88 |[39m     fireEvent[33m.[39mchange(screen[33m.[39mgetByLabelText([35m/email/i[39m)[33m,[39m { 
target[33m:[39m { value[33m:[39m [32m'new@test.com'[39m } })[33m;[39m
     [90m 89 |[39m     fireEvent[33m.[39mchange(screen[33m.[39mgetByLabelText([35m/nip/i[39m)[33m,[39m { 
target[33m:[39m { value[33m:[39m [32m'123'[39m } })[33m;[39m
     [90m 90 |[39m     fireEvent[33m.[39mchange(screen[33m.[39mgetByLabelText([35m/no hp/i[39m)[33m,[39m { 
target[33m:[39m { value[33m:[39m [32m'081'[39m } })[33m;[39m[0m

      at Object.getElementError (node_modules/@testing-library/dom/dist/config.js:37:19)
      at getAllByLabelText (node_modules/@testing-library/dom/dist/queries/label-text.js:108:40)
      at node_modules/@testing-library/dom/dist/query-helpers.js:52:17
      at node_modules/@testing-library/dom/dist/query-helpers.js:95:19
      at Object.<anonymous> (testing/unit/routes/admin/UserManagementPage.test.tsx:87:29)

  ΓùÅ UserManagementPage ΓÇ║ handles edit and failure cases

    expect(jest.fn()).toHaveBeenCalledWith(...expected)

    Expected: "Gagal", "Bad Update"

    Number of calls: 0

    Ignored nodes: comments, script, style
    [36m<html>[39m
      [36m<head />[39m
      [36m<body>[39m
        [36m<div>[39m
          [36m<div[39m
            [33mclass[39m=[32m"space-y-6"[39m
          [36m>[39m
            [36m<div[39m
              [33mclass[39m=[32m"flex items-center justify-between"[39m
            [36m>[39m
              [36m<div>[39m
                [36m<h1[39m
                  [33mclass[39m=[32m"text-2xl font-bold tracking-tight text-gray-900"[39m
                [36m>[39m
                  [0mUser Management[0m
                [36m</h1>[39m
                [36m<p[39m
                  [33mclass[39m=[32m"text-sm text-gray-500 mt-1"[39m
                [36m>[39m
                  [0mKelola pengguna dan role akses sistem[0m
                [36m</p>[39m
              [36m</div>[39m
              [36m<button[39m
                [33mclass[39m=[32m"inline-flex items-center justify-center gap-2 whitespace-nowrap rounded-md 
text-sm font-medium transition-all disabled:pointer-events-none disabled:opacity-50 [&_svg]:pointer-events-none 
[&_svg:not([class*='size-'])]:size-4 shrink-0 [&_svg]:shrink-0 outline-none focus-visible:border-ring 
focus-visible:ring-ring/50 focus-visible:ring-[3px] aria-invalid:ring-destructive/20 
dark:aria-invalid:ring-destructive/40 aria-invalid:border-destructive bg-primary text-primary-foreground 
hover:bg-primary/90 h-9 px-4 py-2 has-[>svg]:px-3"[39m
                [33mdata-slot[39m=[32m"button"[39m
              [36m>[39m
                [36m<span[39m
                  [33mdata-testid[39m=[32m"icon-plus"[39m
                [36m/>[39m
                [0mTambah User[0m
              [36m</button>[39m
            [36m</div>[39m
            [36m<div[39m
              [33mclass[39m=[32m"bg-amber-50 border border-amber-200 rounded-lg p-4"[39m
            [36m>[39m
              [36m<p[39m
                [33mclass[39m=[32m"text-sm text-amber-900"[39m
              [36m>[39m
                [36m<strong>[39m
                  [0mInformasi:[0m
                [36m</strong>[39m
                [0m Admin hanya dapat menambahkan user dengan role tertentu.[0m
              [36m</p>[39m
            [36m</div>[39m
            [36m<div[39m
              [33mclass[39m=[32m"flex items-center gap-3"[39m
            [36m>[39m
              [36m<div[39m
                [33mclass[39m=[32m"relative flex-1"[39m
              [36m>[39m
                [36m<span[39m
                  [33mdata-testid[39m=[32m"icon-search"[39m
                [36m/>[39m
                [36m<input[39m
                  [33mclass[39m=[32m"w-full pl-10 pr-4 py-2 border border-gray-300 rounded-lg focus:ring-2 
focus:ring-blue-500 focus:border-blue-500 outline-none text-sm"[39m
                  [33mplaceholder[39m=[32m"Cari nama, email, jabatan, atau NIP..."[39m
                  [33mtype[39m=[32m"text"[39m
                  [33mvalue[39m=[32m""[39m
                [36m/>[39m
              [36m</div>[39m
              [36m<select[39m
                [33mclass[39m=[32m"px-4 py-2 border border-gray-300 rounded-lg focus:ring-2 focus:ring-blue-500 
focus:border-blue-500 outline-none text-sm"[39m
              [36m>[39m
                [36m<option[39m
                  [33mvalue[39m=[32m"all"[39m
                [36m>[39m
                  [0mSemua Role[0m
                [36m</option>[39m
                [36m<option[39m
                  [33mvalue[39m=[32m"Admin"[39m
                [36m>[39m
                  [0mAdmin[0m
                [36m</option>[39m
                [36m<option[39m
                  [33mvalue[39m=[32m"Sespri"[39m
                [36m>[39m
                  [0mSespri[0m
                [36m</option>[39m
                [36m<option[39m
                  [33mvalue[39m=[32m"Ajudan"[39m
                [36m>[39m
                  [0mAjudan[0m
                [36m</option>[39m
                [36m<option[39m
                  [33mvalue[39m=[32m"Kasubag Protokol"[39m
                [36m>[39m
                  [0mKasubag Protokol[0m
                [36m</option>[39m
                [36m<option[39m
                  [33mvalue[39m=[32m"Kasubag Media"[39m
                [36m>[39m
                  [0mKasubag Media[0m
                [36m</option>[39m
                [36m<option[39m
                  [33mvalue[39m=[32m"Staf Protokol"[39m
                [36m>[39m
                  [0mStaf Protokol[0m
                [36m</option>[39m
                [36m<option[39m
                  [33mvalue[39m=[32m"Staf Media"[39m
                [36m>[39m
                  [0mStaf Media[0m
                [36m</option>[39m
                [36m<option[39m
                  [33mvalue[39m=[32m"Pemohon"[39m
                [36m>[39m
                  [0mPemohon[0m
                [36m</option>[39m
              [36m</select>[39m
            [36m</div>[39m
            [36m<div[39m
              [33mclass[39m=[32m"bg-card text-card-foreground flex flex-col gap-6 rounded-xl border"[39m
              [33mdata-slot[39m=[32m"card"[39m
            [36m>[39m
              [36m<div[39m
                [33mclass[39m=[32m"@container/card-header grid auto-rows-min grid-rows-[auto_auto] items-start 
gap-1.5 px-6 pt-6 has-data-[slot=card-action]:grid-cols-[1fr_auto] [.border-b]:pb-6"[39m
                [33mdata-slot[39m=[32m"card-header"[39m
              [36m>[39m
                [36m<div[39m
                  [33mclass[39m=[32m"flex items-center justify-between"[39m
                [36m>[39m
                  [36m<h3[39m
                    [33mclass[39m=[32m"text-lg font-semibold text-gray-900"[39m
                  [36m>[39m
                    [0mDaftar Pengguna[0m
                  [36m</h3>[39m
                  [36m<p[39m
                    [33mclass[39m=[32m"text-sm text-gray-600"[39m
                  [36m>[39m
                    [0mTotal: [0m
                    [0m2[0m
                    [0m user[0m
                  [36m</p>[39m
                [36m</div>[39m
              [36m</div>[39m
              [36m<div[39m
                [33mclass[39m=[32m"[&:last-child]:pb-6 p-0"[39m
                [33mdata-slot[39m=[32m"card-content"[39m
              [36m>[39m
                [36m<div[39m
                  [33mclass[39m=[32m"relative w-full overflow-x-auto"[39m
                  [33mdata-slot[39m=[32m"table-container"[39m
                [36m>[39m
                  [36m<table[39m
                    [33mclass[39m=[32m"w-full caption-bottom text-sm"[39m
                    [33mdata-slot[39m=[32m"table"[39m
                  [36m>[39m
                    [36m<thead[39m
                      [33mclass[39m=[32m"[&_tr]:border-b"[39m
                      [33mdata-slot[39m=[32m"table-header"[39m
                    [36m>[39m
                      [36m<tr[39m
                        [33mclass[39m=[32m"data-[state=selected]:bg-muted bg-gray-50/80 border-b border-gray-200 
hover:bg-gray-50/80 transition-colors"[39m
                        [33mdata-slot[39m=[32m"table-row"[39m
                      [36m>[39m
                        [36m<th[39m
                          [33mclass[39m=[32m"h-10 px-4 align-middle whitespace-nowrap [&:has([role=checkbox])]:pr-0 
[&>[role=checkbox]]:translate-y-[2px] text-sm font-bold text-gray-900 text-center w-12 py-4"[39m
      ...

    [0m [90m 114 |[39m     (userApi[33m.[39mupdate [36mas[39m 
jest[33m.[39m[33mMock[39m)[33m.[39mmockResolvedValue({ success[33m:[39m [36mfalse[39m[33m,[39m 
message[33m:[39m [32m'Bad Update'[39m })[33m;[39m
     [90m 115 |[39m     [36mawait[39m 
user[33m.[39mclick(screen[33m.[39mgetByRole([32m'button'[39m[33m,[39m { name[33m:[39m [35m/update 
user/i[39m }))[33m;[39m
    [31m[1m>[22m[39m[90m 116 |[39m     [36mawait[39m waitFor(() [33m=>[39m 
expect(toast[33m.[39merror)[33m.[39mtoHaveBeenCalledWith([32m'Gagal'[39m[33m,[39m [32m'Bad 
Update'[39m))[33m;[39m
     [90m     |[39m                                             [31m[1m^[22m[39m
     [90m 117 |[39m
     [90m 118 |[39m     (userApi[33m.[39mupdate [36mas[39m 
jest[33m.[39m[33mMock[39m)[33m.[39mmockRejectedValue([36mnew[39m [33mError[39m([32m'Crash'[39m))[33m;[39m
     [90m 119 |[39m     [36mawait[39m 
user[33m.[39mclick(screen[33m.[39mgetByRole([32m'button'[39m[33m,[39m { name[33m:[39m [35m/update 
user/i[39m }))[33m;[39m[0m

      at testing/unit/routes/admin/UserManagementPage.test.tsx:116:45
      at runWithExpensiveErrorDiagnosticsDisabled (node_modules/@testing-library/dom/dist/config.js:47:12)
      at checkCallback (node_modules/@testing-library/dom/dist/wait-for.js:124:77)
      at checkRealTimersCallback (node_modules/@testing-library/dom/dist/wait-for.js:118:16)
      at Timeout.task [as _onTimeout] (node_modules/jsdom/lib/jsdom/browser/Window.js:579:19)

FAIL testing/unit/routes/admin/KasSKPDManagementPage.test.tsx (26.431 s)
  ΓùÅ Console

    console.error
      Crash

    [0m [90m 34 |[39m       [36mconst[39m errorMessage [33m=[39m err[33m.[39mmessage [33m||[39m [32m'Gagal 
memuat data KaSKPD'[39m[33m;[39m
     [90m 35 |[39m       setError(errorMessage)[33m;[39m
    [31m[1m>[22m[39m[90m 36 |[39m       console[33m.[39merror(errorMessage)[33m;[39m
     [90m    |[39m               [31m[1m^[22m[39m
     [90m 37 |[39m     } [36mfinally[39m {
     [90m 38 |[39m       setIsLoading([36mfalse[39m)[33m;[39m
     [90m 39 |[39m     }[0m

      at fetchData (app/routes/admin/KasSKPDManagementPage.tsx:36:15)

  ΓùÅ KasSKPDManagementPage ΓÇ║ submits new SKPD successfully and handles failure/exceptions

    expect(jest.fn()).toHaveBeenCalledWith(...expected)

    Expected: "Gagal", "Invalid"

    Number of calls: 0

    Ignored nodes: comments, script, style
    [36m<html>[39m
      [36m<head />[39m
      [36m<body>[39m
        [36m<div>[39m
          [36m<div[39m
            [33mclass[39m=[32m"space-y-6"[39m
          [36m>[39m
            [36m<div[39m
              [33mclass[39m=[32m"flex items-center justify-between"[39m
            [36m>[39m
              [36m<div>[39m
                [36m<h1[39m
                  [33mclass[39m=[32m"text-2xl font-bold tracking-tight text-gray-900"[39m
                [36m>[39m
                  [0mKaSKPD Management[0m
                [36m</h1>[39m
                [36m<p[39m
                  [33mclass[39m=[32m"text-sm text-gray-500 mt-1"[39m
                [36m>[39m
                  [0mKelola data instansi KaSKPD pendamping[0m
                [36m</p>[39m
              [36m</div>[39m
              [36m<button[39m
                [33mclass[39m=[32m"inline-flex items-center justify-center gap-2 whitespace-nowrap rounded-md 
text-sm font-medium transition-all disabled:pointer-events-none disabled:opacity-50 [&_svg]:pointer-events-none 
[&_svg:not([class*='size-'])]:size-4 shrink-0 [&_svg]:shrink-0 outline-none focus-visible:border-ring 
focus-visible:ring-ring/50 focus-visible:ring-[3px] aria-invalid:ring-destructive/20 
dark:aria-invalid:ring-destructive/40 aria-invalid:border-destructive bg-primary text-primary-foreground 
hover:bg-primary/90 h-9 px-4 py-2 has-[>svg]:px-3"[39m
                [33mdata-slot[39m=[32m"button"[39m
              [36m>[39m
                [36m<span[39m
                  [33mdata-testid[39m=[32m"icon-plus"[39m
                [36m/>[39m
                [0mTambah KaSKPD[0m
              [36m</button>[39m
            [36m</div>[39m
            [36m<div[39m
              [33mclass[39m=[32m"bg-card text-card-foreground flex flex-col gap-6 rounded-xl border"[39m
              [33mdata-slot[39m=[32m"card"[39m
            [36m>[39m
              [36m<div[39m
                [33mclass[39m=[32m"@container/card-header grid auto-rows-min grid-rows-[auto_auto] items-start 
gap-1.5 px-6 pt-6 has-data-[slot=card-action]:grid-cols-[1fr_auto] [.border-b]:pb-6"[39m
                [33mdata-slot[39m=[32m"card-header"[39m
              [36m>[39m
                [36m<div[39m
                  [33mclass[39m=[32m"flex items-center gap-2"[39m
                [36m>[39m
                  [36m<h3[39m
                    [33mclass[39m=[32m"text-lg font-semibold text-gray-900"[39m
                  [36m>[39m
                    [0mDaftar Instansi KaSKPD[0m
                  [36m</h3>[39m
                [36m</div>[39m
              [36m</div>[39m
              [36m<div[39m
                [33mclass[39m=[32m"[&:last-child]:pb-6 p-0"[39m
                [33mdata-slot[39m=[32m"card-content"[39m
              [36m>[39m
                [36m<div[39m
                  [33mclass[39m=[32m"overflow-x-auto"[39m
                [36m>[39m
                  [36m<div[39m
                    [33mclass[39m=[32m"relative w-full overflow-x-auto"[39m
                    [33mdata-slot[39m=[32m"table-container"[39m
                  [36m>[39m
                    [36m<table[39m
                      [33mclass[39m=[32m"w-full caption-bottom text-sm"[39m
                      [33mdata-slot[39m=[32m"table"[39m
                    [36m>[39m
                      [36m<thead[39m
                        [33mclass[39m=[32m"[&_tr]:border-b"[39m
                        [33mdata-slot[39m=[32m"table-header"[39m
                      [36m>[39m
                        [36m<tr[39m
                          [33mclass[39m=[32m"data-[state=selected]:bg-muted bg-gray-50/80 border-b border-gray-200 
hover:bg-gray-50/80 transition-colors"[39m
                          [33mdata-slot[39m=[32m"table-row"[39m
                        [36m>[39m
                          [36m<th[39m
                            [33mclass[39m=[32m"h-10 align-middle whitespace-nowrap [&:has([role=checkbox])]:pr-0 
[&>[role=checkbox]]:translate-y-[2px] text-sm font-bold text-gray-900 text-center w-12 px-4 py-4"[39m
                            [33mdata-slot[39m=[32m"table-head"[39m
                          [36m>[39m
                            [0mNo.[0m
                          [36m</th>[39m
                          [36m<th[39m
                            [33mclass[39m=[32m"h-10 text-left align-middle whitespace-nowrap 
[&:has([role=checkbox])]:pr-0 [&>[role=checkbox]]:translate-y-[2px] text-sm font-bold text-gray-900 px-4 py-4"[39m
                            [33mdata-slot[39m=[32m"table-head"[39m
                          [36m>[39m
                            [0mNama Instansi[0m
                          [36m</th>[39m
                          [36m<th[39m
                            [33mclass[39m=[32m"h-10 align-middle whitespace-nowrap [&:has([role=checkbox])]:pr-0 
[&>[role=checkbox]]:translate-y-[2px] text-sm font-bold text-gray-900 text-center w-[150px] px-4 py-4"[39m
                            [33mdata-slot[39m=[32m"table-head"[39m
                          [36m>[39m
                            [0mAksi[0m
                          [36m</th>[39m
                        [36m</tr>[39m
                      [36m</thead>[39m
                      [36m<tbody[39m
                        [33mclass[39m=[32m"[&_tr:last-child]:border-0"[39m
                        [33mdata-slot[39m=[32m"table-body"[39m
                      [36m>[39m
                        [36m<tr[39m
                          [33mclass[39m=[32m"data-[state=selected]:bg-muted border-b hover:bg-blue-50/40 
transition-colors even:bg-blue-50/60"[39m
                          [33mdata-slot[39m=[32m"table-row"[39m
                        [36m>[39m
                          [36m<td[39m
                            [33mclass[39m=[32m"align-middle whitespace-nowrap [&:has([role=checkbox])]:pr-0 
[&>[role=checkbox]]:translate-y-[2px] text-center font-bold text-gray-400 text-xs px-4 py-3"[39m
                            [33mdata-slot[39m=[32m"table-cell"[39m
                          [36m>[39m
                            [0m1[0m
                          [36m</td>[39m
                          [36m<td[39m
                            [33mclass[39m=[32m"align-middle whitespace-nowrap [&:has([role=checkbox])]:pr-0 
[&>[role=checkbox]]:translate-y-[2px] font-semibold text-gray-900 text-sm px-4 py-3 font-inter"[39m
                            [33mdata-slot[39m=[32m"table-cell"[39m
                          [36m>[39m
                            [0mDinas Pendidikan[0m
                          [36m</td>[39m
                          [36m<td[39m
                            [33mclass[39m=[32m"align-middle whitespace-nowrap [&:has([role=checkbox])]:pr-0 
[&>[role=checkbox]]:translate-y-[2px] px-4 py-3"[39m
                            [33mdata-slot[39m=[32m"table-cell"[39m
                          [36m>[39m
                            [36m<div[39m
                              [33mclass[39m=[32m"flex items-center justify-center gap-2"[39m
                            [36m>[39m
                              [36m<button[39m
                                [33mclass[39m=[32m"inline-flex items-center justify-center whitespace-nowrap 
text-sm font-medium disabled:pointer-events-none disa...

    [0m [90m 82 |[39m     (kaskpdApi[33m.[39mcreate [36mas[39m 
jest[33m.[39m[33mMock[39m)[33m.[39mmockResolvedValue({ success[33m:[39m [36mfalse[39m[33m,[39m 
message[33m:[39m [32m'Invalid'[39m })[33m;[39m
     [90m 83 |[39m     [36mawait[39m user[33m.[39mclick(screen[33m.[39mgetByRole([32m'button'[39m[33m,[39m 
{ name[33m:[39m [35m/tambah data/i[39m }))[33m;[39m
    [31m[1m>[22m[39m[90m 84 |[39m     [36mawait[39m waitFor(() [33m=>[39m 
expect(toast[33m.[39merror)[33m.[39mtoHaveBeenCalledWith([32m'Gagal'[39m[33m,[39m 
[32m'Invalid'[39m))[33m;[39m
     [90m    |[39m                                             [31m[1m^[22m[39m
     [90m 85 |[39m
     [90m 86 |[39m     [90m// Exception[39m
     [90m 87 |[39m     (kaskpdApi[33m.[39mcreate [36mas[39m 
jest[33m.[39m[33mMock[39m)[33m.[39mmockRejectedValue([36mnew[39m [33mError[39m([32m'Submit 
Error'[39m))[33m;[39m[0m

      at testing/unit/routes/admin/KasSKPDManagementPage.test.tsx:84:45
      at runWithExpensiveErrorDiagnosticsDisabled (node_modules/@testing-library/dom/dist/config.js:47:12)
      at checkCallback (node_modules/@testing-library/dom/dist/wait-for.js:124:77)
      at checkRealTimersCallback (node_modules/@testing-library/dom/dist/wait-for.js:118:16)
      at Timeout.task [as _onTimeout] (node_modules/jsdom/lib/jsdom/browser/Window.js:579:19)

  ΓùÅ KasSKPDManagementPage ΓÇ║ handles pagination correctly

    TestingLibraryElementError: Found multiple elements with the text: 2

    Here are the matching elements:

    Ignored nodes: comments, script, style
    [36m<td[39m
      [33mclass[39m=[32m"align-middle whitespace-nowrap [&:has([role=checkbox])]:pr-0 
[&>[role=checkbox]]:translate-y-[2px] text-center font-bold text-gray-400 text-xs px-4 py-3"[39m
      [33mdata-slot[39m=[32m"table-cell"[39m
    [36m>[39m
      [0m2[0m
    [36m</td>[39m

    Ignored nodes: comments, script, style
    [36m<button[39m
      [33mclass[39m=[32m"w-8 h-8 rounded-lg text-xs font-bold transition-all text-gray-400 hover:bg-white 
hover:text-gray-600 border border-transparent hover:border-gray-200"[39m
    [36m>[39m
      [0m2[0m
    [36m</button>[39m

    (If this is intentional, then use the `*AllBy*` variant of the query (like `queryAllByText`, `getAllByText`, or 
`findAllByText`)).

    Ignored nodes: comments, script, style
    [36m<body>[39m
      [36m<div>[39m
        [36m<div[39m
          [33mclass[39m=[32m"space-y-6"[39m
        [36m>[39m
          [36m<div[39m
            [33mclass[39m=[32m"flex items-center justify-between"[39m
          [36m>[39m
            [36m<div>[39m
              [36m<h1[39m
                [33mclass[39m=[32m"text-2xl font-bold tracking-tight text-gray-900"[39m
              [36m>[39m
                [0mKaSKPD Management[0m
              [36m</h1>[39m
              [36m<p[39m
                [33mclass[39m=[32m"text-sm text-gray-500 mt-1"[39m
              [36m>[39m
                [0mKelola data instansi KaSKPD pendamping[0m
              [36m</p>[39m
            [36m</div>[39m
            [36m<button[39m
              [33mclass[39m=[32m"inline-flex items-center justify-center gap-2 whitespace-nowrap rounded-md text-sm 
font-medium transition-all disabled:pointer-events-none disabled:opacity-50 [&_svg]:pointer-events-none 
[&_svg:not([class*='size-'])]:size-4 shrink-0 [&_svg]:shrink-0 outline-none focus-visible:border-ring 
focus-visible:ring-ring/50 focus-visible:ring-[3px] aria-invalid:ring-destructive/20 
dark:aria-invalid:ring-destructive/40 aria-invalid:border-destructive bg-primary text-primary-foreground 
hover:bg-primary/90 h-9 px-4 py-2 has-[>svg]:px-3"[39m
              [33mdata-slot[39m=[32m"button"[39m
            [36m>[39m
              [36m<span[39m
                [33mdata-testid[39m=[32m"icon-plus"[39m
              [36m/>[39m
              [0mTambah KaSKPD[0m
            [36m</button>[39m
          [36m</div>[39m
          [36m<div[39m
            [33mclass[39m=[32m"bg-card text-card-foreground flex flex-col gap-6 rounded-xl border"[39m
            [33mdata-slot[39m=[32m"card"[39m
          [36m>[39m
            [36m<div[39m
              [33mclass[39m=[32m"@container/card-header grid auto-rows-min grid-rows-[auto_auto] items-start 
gap-1.5 px-6 pt-6 has-data-[slot=card-action]:grid-cols-[1fr_auto] [.border-b]:pb-6"[39m
              [33mdata-slot[39m=[32m"card-header"[39m
            [36m>[39m
              [36m<div[39m
                [33mclass[39m=[32m"flex items-center gap-2"[39m
              [36m>[39m
                [36m<h3[39m
                  [33mclass[39m=[32m"text-lg font-semibold text-gray-900"[39m
                [36m>[39m
                  [0mDaftar Instansi KaSKPD[0m
                [36m</h3>[39m
              [36m</div>[39m
            [36m</div>[39m
            [36m<div[39m
              [33mclass[39m=[32m"[&:last-child]:pb-6 p-0"[39m
              [33mdata-slot[39m=[32m"card-content"[39m
            [36m>[39m
              [36m<div[39m
                [33mclass[39m=[32m"overflow-x-auto"[39m
              [36m>[39m
                [36m<div[39m
                  [33mclass[39m=[32m"relative w-full overflow-x-auto"[39m
                  [33mdata-slot[39m=[32m"table-container"[39m
                [36m>[39m
                  [36m<table[39m
                    [33mclass[39m=[32m"w-full caption-bottom text-sm"[39m
                    [33mdata-slot[39m=[32m"table"[39m
                  [36m>[39m
                    [36m<thead[39m
                      [33mclass[39m=[32m"[&_tr]:border-b"[39m
                      [33mdata-slot[39m=[32m"table-header"[39m
                    [36m>[39m
                      [36m<tr[39m
                        [33mclass[39m=[32m"data-[state=selected]:bg-muted bg-gray-50/80 border-b border-gray-200 
hover:bg-gray-50/80 transition-colors"[39m
                        [33mdata-slot[39m=[32m"table-row"[39m
                      [36m>[39m
                        [36m<th[39m
                          [33mclass[39m=[32m"h-10 align-middle whitespace-nowrap [&:has([role=checkbox])]:pr-0 
[&>[role=checkbox]]:translate-y-[2px] text-sm font-bold text-gray-900 text-center w-12 px-4 py-4"[39m
                          [33mdata-slot[39m=[32m"table-head"[39m
                        [36m>[39m
                          [0mNo.[0m
                        [36m</th>[39m
                        [36m<th[39m
                          [33mclass[39m=[32m"h-10 text-left align-middle whitespace-nowrap 
[&:has([role=checkbox])]:pr-0 [&>[role=checkbox]]:translate-y-[2px] text-sm font-bold text-gray-900 px-4 py-4"[39m
                          [33mdata-slot[39m=[32m"table-head"[39m
                        [36m>[39m
                          [0mNama Instansi[0m
                        [36m</th>[39m
                        [36m<th[39m
                          [33mclass[39m=[32m"h-10 align-middle whitespace-nowrap [&:has([role=checkbox])]:pr-0 
[&>[role=checkbox]]:translate-y-[2px] text-sm font-bold text-gray-900 text-center w-[150px] px-4 py-4"[39m
                          [33mdata-slot[39m=[32m"table-head"[39m
                        [36m>[39m
                          [0mAksi[0m
                        [36m</th>[39m
                      [36m</tr>[39m
                    [36m</thead>[39m
                    [36m<tbody[39m
                      [33mclass[39m=[32m"[&_tr:last-child]:border-0"[39m
                      [33mdata-slot[39m=[32m"table-body"[39m
                    [36m>[39m
                      [36m<tr[39m
                        [33mclass[39m=[32m"data-[state=selected]:bg-muted border-b hover:bg-blue-50/40 
transition-colors even:bg-blue-50/60"[39m
                        [33mdata-slot[39m=[32m"table-row"[39m
                      [36m>[39m
                        [36m<td[39m
                          [33mclass[39m=[32m"align-middle whitespace-nowrap [&:has([role=checkbox])]:pr-0 
[&>[role=checkbox]]:translate-y-[2px] text-center font-bold text-gray-400 text-xs px-4 py-3"[39m
                          [33mdata-slot[39m=[32m"table-cell"[39m
                        [36m>[39m
                          [0m1[0m
                        [36m</td>[39m
                        [36m<td[39m
                          [33mclass[39m=[32m"align-middle whitespace-nowrap [&:has([role=checkbox])]:pr-0 
[&>[role=checkbox]]:translate-y-[2px] font-semibold text-gray-900 text-sm px-4 py-3 font-inter"[39m
                          [33mdata-slot[39m=[32m"table-cell"[39m
                        [36m>[39m
                          [0mSKPD 1[0m
                        [36m</td>[39m
                        [36m<td[39m
                          [33mclass[39m=[32m"align-middle whitespace-nowrap [&:has([role=checkbox])]:pr-0 
[&>[role=checkbox]]:translate-y-[2px] px-4 py-3"[39m
                          [33mdata-slot[39m=[32m"table-cell"[39m
                        [36m>[39m
                          [36m<div[39m
                            [33mclass[39m=[32m"flex items-center justify-center gap-2"[39m
                          [36m>[39m
                            [36m<button[39m
                              [33mclass[39m=[32m"inline-flex items-center justify-center whitespace-nowrap text-sm 
font-medium disabled:pointer-events-none disabled:opacity-50 [&_svg]:pointer-events-none 
[&_svg:not([class*='size-'])]:size-4 shrink-0 [&_svg]:shrink-0 outline-none focus-visible:border-ring 
focus-visible:ring-ring/50 focus-visible:ring-[3px] aria-invalid:ring-destructive/20 
dark:aria-invalid:ring-destructive/40 aria-invalid:border...

    [0m [90m 153 |[39m     expect(screen[33m.[39mgetByText([32m'SKPD 
1'[39m))[33m.[39mtoBeInTheDocument()[33m;[39m
     [90m 154 |[39m
    [31m[1m>[22m[39m[90m 155 |[39m     [36mawait[39m 
userEvent[33m.[39mclick(screen[33m.[39mgetByText([32m'2'[39m))[33m;[39m
     [90m     |[39m                                  [31m[1m^[22m[39m
     [90m 156 |[39m     expect(screen[33m.[39mgetByText([32m'SKPD 
11'[39m))[33m.[39mtoBeInTheDocument()[33m;[39m
     [90m 157 |[39m   })[33m;[39m
     [90m 158 |[39m[0m

      at Object.getElementError (node_modules/@testing-library/dom/dist/config.js:37:19)
      at getElementError (node_modules/@testing-library/dom/dist/query-helpers.js:20:35)
      at getMultipleElementsFoundError (node_modules/@testing-library/dom/dist/query-helpers.js:23:10)
      at node_modules/@testing-library/dom/dist/query-helpers.js:55:13
      at node_modules/@testing-library/dom/dist/query-helpers.js:95:19
      at Object.<anonymous> (testing/unit/routes/admin/KasSKPDManagementPage.test.tsx:155:34)

Test Suites: 4 failed, 3 passed, 7 total
Tests:       9 failed, 28 passed, 37 total
Snapshots:   0 total
Time:        30.058 s
Ran all test suites matching routes/admin.
